Java HotSpot(TM) 64-Bit Server VM (25.144-b01) for bsd-amd64 JRE (1.8.0_144-b01), built on Jul 21 2017 22:07:42 by "java_re" with gcc 4.2.1 (Based on Apple Inc. build 5658) (LLVM build 2336.11.00)
Memory: 4k page, physical 8388608k(511736k free)

/proc/meminfo:

CommandLine flags: -XX:InitialHeapSize=54525952 -XX:MaxHeapSize=104857600 -XX:NewRatio=2 -XX:+PrintGC -XX:+PrintGCDetails -XX:+PrintGCTimeStamps -XX:SurvivorRatio=8 -XX:+UseCompressedClassPointers -XX:+UseCompressedOops -XX:+UseParallelGC 
10.107: [GC (Allocation Failure) [PSYoungGen: 573K->352K(15872K)] 40573K->40360K(84480K), 0.0026486 secs] [Times: user=0.00 sys=0.00, real=0.00 secs] 
10.110: [GC (Allocation Failure) [PSYoungGen: 352K->304K(15872K)] 40360K->40312K(84480K), 0.0122413 secs] [Times: user=0.04 sys=0.01, real=0.01 secs] 
10.123: [Full GC (Allocation Failure) [PSYoungGen: 304K->0K(15872K)] [ParOldGen: 40008K->40246K(60416K)] 40312K->40246K(76288K), [Metaspace: 2414K->2414K(1056768K)], 0.0566103 secs] [Times: user=0.16 sys=0.00, real=0.06 secs] 
10.179: [GC (Allocation Failure) [PSYoungGen: 0K->0K(15872K)] 40246K->40246K(84480K), 0.0008766 secs] [Times: user=0.00 sys=0.00, real=0.00 secs] 
10.180: [Full GC (Allocation Failure) [PSYoungGen: 0K->0K(15872K)] [ParOldGen: 40246K->40234K(68608K)] 40246K->40234K(84480K), [Metaspace: 2414K->2414K(1056768K)], 0.0529435 secs] [Times: user=0.15 sys=0.01, real=0.05 secs] 
Heap
 PSYoungGen      total 15872K, used 573K [0x00000007bdf00000, 0x00000007bfe00000, 0x00000007c0000000)
  eden space 14336K, 4% used [0x00000007bdf00000,0x00000007bdf8f750,0x00000007bed00000)
  from space 1536K, 0% used [0x00000007bed00000,0x00000007bed00000,0x00000007bee80000)
  to   space 1536K, 0% used [0x00000007bfc80000,0x00000007bfc80000,0x00000007bfe00000)
 ParOldGen       total 68608K, used 40234K [0x00000007b9c00000, 0x00000007bdf00000, 0x00000007bdf00000)
  object space 68608K, 58% used [0x00000007b9c00000,0x00000007bc34aa38,0x00000007bdf00000)
 Metaspace       used 2445K, capacity 4486K, committed 4864K, reserved 1056768K
  class space    used 265K, capacity 386K, committed 512K, reserved 1048576K
